#-----------------------------------------------------------
# Vivado v2022.1 (64-bit)
# SW Build 3526262 on Mon Apr 18 15:47:01 MDT 2022
# IP Build 3524634 on Mon Apr 18 20:55:01 MDT 2022
# Start of session at: Wed Jun 22 09:15:51 2022
# Process ID: 14734
# Current directory: /media/tcmichals/copter/fpga/cmods7/project_1/project_1.runs/design_1_rst_clk_wiz_0_100M_0_synth_1
# Command line: vivado -log design_1_rst_clk_wiz_0_100M_0.vds -product Vivado -mode batch -messageDb vivado.pb -notrace -source design_1_rst_clk_wiz_0_100M_0.tcl
# Log file: /media/tcmichals/copter/fpga/cmods7/project_1/project_1.runs/design_1_rst_clk_wiz_0_100M_0_synth_1/design_1_rst_clk_wiz_0_100M_0.vds
# Journal file: /media/tcmichals/copter/fpga/cmods7/project_1/project_1.runs/design_1_rst_clk_wiz_0_100M_0_synth_1/vivado.jou
# Running On: hp, OS: Linux, CPU Frequency: 3633.090 MHz, CPU Physical cores: 4, Host memory: 12310 MB
#-----------------------------------------------------------
source design_1_rst_clk_wiz_0_100M_0.tcl -notrace
